{
    "login": "KTJ-Demo",
    "id": 53450794,
    "node_id": "MDQ6VXNlcjUzNDUwNzk0",
    "avatar_url": "https://avatars2.githubusercontent.com/u/53450794?v=4",
    "gravatar_id": "",
    "url": "https://api.github.com/users/KTJ-Demo",
    "html_url": "https://github.com/KTJ-Demo",
    "followers_url": "https://api.github.com/users/KTJ-Demo/followers",
    "following_url": "https://api.github.com/users/KTJ-Demo/following{/other_user}",
    "gists_url": "https://api.github.com/users/KTJ-Demo/gists{/gist_id}",
    "starred_url": "https://api.github.com/users/KTJ-Demo/starred{/owner}{/repo}",
    "subscriptions_url": "https://api.github.com/users/KTJ-Demo/subscriptions",
    "organizations_url": "https://api.github.com/users/KTJ-Demo/orgs",
    "repos_url": "https://api.github.com/users/KTJ-Demo/repos",
    "events_url": "https://api.github.com/users/KTJ-Demo/events{/privacy}",
    "received_events_url": "https://api.github.com/users/KTJ-Demo/received_events",
    "type": "User",
    "site_admin": false,
    "name": null,
    "company": null,
    "blog": "",
    "location": null,
    "email": null,
    "hireable": null,
    "bio": null,
    "public_gists": 0,
    "followers": 0,
    "following": 0,
    "created_at": "2019-07-29T20:51:04Z",
    "private_gists": 0,
    "total_private_repos": 53,
    "owned_private_repos": 53,
    "collaborators": 0,
    "two_factor_authentication": false,
    "plan": {
        "name": "free",
        "space": 976562499,
        "collaborators": 0,
        "private_repos": 10000
    }
}